// Jest Snapshot v1, https://goo.gl/fbAQLP

exports[`Article should match the snapshot 1`] = `
<Link
  className="Article"
  replace={false}
  to="/national-geographic/undefined"
>
  <div
    className="Article--title-container"
  >
    <p
      className="Article--title"
    >
      LIONS AND TIGERS AND BEARS
    </p>
  </div>
  <img
    alt="article"
    className="Article--image"
    src="www.image.com"
  />
</Link>
`;
