// Jest Snapshot v1, https://goo.gl/fbAQLP

exports[`Popup should match the snapshot 1`] = `
<div
  className="Popup"
>
  <div
    className="Popup--info"
  >
    <h4
      className="Popup--title"
    >
      lions and tigers and bears
    </h4>
    <p
      className="Popup--author--pub"
    >
      , 
      Mon Feb 18 2019
    </p>
    <p
      className="Popup--description"
    />
    <a
      href="www.nationalgeographic.com"
      target="_blank"
    >
      <button>
        READ
      </button>
    </a>
    <button>
      COPY
    </button>
  </div>
  <img
    alt="article"
    className="Popup--image"
    src="www.image.com"
  />
</div>
`;
