// Jest Snapshot v1, https://goo.gl/fbAQLP

exports[`Popup should match the snapshot 1`] = `
<div
  className="Popup"
>
  <Link
    replace={false}
    to="https://localhost.com/national-geographic"
  >
    <img
      alt="close icon"
      className="Popup--close"
      src="close.svg"
    />
  </Link>
  <img
    alt="star icon"
    className="Popup--star"
    onClick={[Function]}
    src="star.svg"
  />
  <div
    className="Popup--info"
  >
    <div
      className="Popup--facts"
    >
      <h4
        className="Popup--title"
      >
        WHY INSECT POPULATIONS ARE PLUMMETING
      </h4>
      <p
        className="Popup--author-pub"
      >
        Douglas Main
        , 
        Mon Feb 18 2019
      </p>
      <p
        className="Popup--description"
      >
        Sad insects.
      </p>
    </div>
    <div
      className="Popup--buttons"
    >
      <a
        href="https://www.nationalgeographic.com/animals/2019/02/why-insect-populations-are-plummeting-and-why-it-matters.html"
        rel="noopener noreferrer"
        target="_blank"
      >
        <button>
          READ
        </button>
      </a>
      <CopyToClipboard
        className="CopyToClipboard--button"
        onCopy={[Function]}
        text="https://www.nationalgeographic.com/animals/2019/02/why-insect-populations-are-plummeting-and-why-it-matters.html"
      >
        <button>
          COPY
        </button>
      </CopyToClipboard>
    </div>
  </div>
  <img
    alt="article"
    className="Popup--image"
    src="https://www.nationalgeographic.com/content/dam/animals/2019/02/insects-in-decline/01-insects-in-decline-nationalgeographic_1353541.jpg"
  />
</div>
`;
