// Jest Snapshot v1, https://goo.gl/fbAQLP

exports[`Error404 should match the snapshot 1`] = `
<div
  className="Error404"
>
  <p>
    We're sorry,
  </p>
  <p>
    There was an error loading this article.
  </p>
  <Link
    className="Error404--go-back"
    replace={false}
    to="/"
  >
    Go Back
  </Link>
</div>
`;
