// Jest Snapshot v1, https://goo.gl/fbAQLP

exports[`Article should match the snapshot 1`] = `
<Link
  className="Article"
  replace={false}
  to="/favorites/b"
>
  <div
    className="Article--title-container"
  >
    <p
      className="Article--title"
    >
      WHY INSECT POPULATIONS ARE PLUMMETING
    </p>
  </div>
  <img
    alt="article"
    className="Article--image"
    src="https://www.nationalgeographic.com/content/dam/animals/2019/02/insects-in-decline/01-insects-in-decline-nationalgeographic_1353541.jpg"
  />
</Link>
`;
