// Jest Snapshot v1, https://goo.gl/fbAQLP

exports[`Nav should match the snapshot 1`] = `
<div
  className="Nav--NavLink-container"
>
  <NavLink
    activeClassName="active"
    aria-current="page"
    className="Nav--nav-btn"
    exact={true}
    to="/"
  >
    Home
  </NavLink>
  <NavLink
    activeClassName="active"
    aria-current="page"
    className="Nav--nav-btn"
    to="/national-geographic"
  >
    National Geographic
  </NavLink>
  <NavLink
    activeClassName="active"
    aria-current="page"
    className="Nav--nav-btn"
    to="/new-scientist"
  >
    The New Scientist
  </NavLink>
  <NavLink
    activeClassName="active"
    aria-current="page"
    className="Nav--nav-btn"
    to="/crypto-coins"
  >
    Crypto Coins News
  </NavLink>
</div>
`;
